MPLINK 4.30.01, Linker
Linker Map File - Created Sat Nov 21 00:27:06 2020

                                 Section Info
                  Section       Type    Address   Location Size(Bytes)
                ---------  ---------  ---------  ---------  ---------
               _entry_scn       code   0x000000    program   0x000006
       .code__user_putc.o       code   0x000006    program   0x000002
              high_vector       code   0x000008    program   0x000006
                   .cinit    romdata   0x00000e    program   0x00000e
         .code_vfprintf.o       code   0x00001c    program   0x000c22
                     PROG       code   0x000c3e    program   0x00049c
             .code_Menu.o       code   0x0010da    program   0x0003de
               _cinit_scn       code   0x0014b8    program   0x00009e
           .code_printf.o       code   0x001556    program   0x000098
            .code_uopen.o       code   0x0015ee    program   0x00008a
             .code_putc.o       code   0x001678    program   0x000084
          .code_fxm3232.o       code   0x0016fc    program   0x000070
                   STRING       code   0x00176c    program   0x000066
         .code_fxd3232u.o       code   0x0017d2    program   0x000048
             .stringtable    romdata   0x00181a    program   0x000039
       .romdata_fxm3232.o    romdata   0x001853    program   0x000000
       .idata_fxm3232.o_i    romdata   0x001853    program   0x000000
      .idata_vfprintf.o_i    romdata   0x001853    program   0x000000
          .idata_putc.o_i    romdata   0x001853    program   0x000000
          .romdata_putc.o    romdata   0x001853    program   0x000000
        .romdata___init.o    romdata   0x001853    program   0x000000
        .idata___init.o_i    romdata   0x001853    program   0x000000
       .idata_t1write.o_i    romdata   0x001853    program   0x000000
         .idata_c018i.o_i    romdata   0x001853    program   0x000000
       .romdata_t0write.o    romdata   0x001853    program   0x000000
         .romdata_c018i.o    romdata   0x001853    program   0x000000
         .romdata_uopen.o    romdata   0x001853    program   0x000000
          .code_t1write.o       code   0x001854    program   0x000038
           .code_stdout.o       code   0x001854    program   0x000000
          .code_t0write.o       code   0x00188c    program   0x000038
             D10KTCYXCODE       code   0x0018c4    program   0x00002e
                    CTYPE       code   0x0018f2    program   0x000024
             _startup_scn       code   0x001916    program   0x00001c
                    STDIO       code   0x001932    program   0x00001c
      .romdata_vfprintf.o    romdata   0x00194e    program   0x000011
       .romdata_t1write.o    romdata   0x00195f    program   0x000000
        .romdata_stdout.o    romdata   0x00195f    program   0x000000
       .idata_t0write.o_i    romdata   0x00195f    program   0x000000
         .idata_uopen.o_i    romdata   0x00195f    program   0x000000
      .idata_fxd3232u.o_i    romdata   0x00195f    program   0x000000
      .romdata_fxd3232u.o    romdata   0x00195f    program   0x000000
    .romdata__user_putc.o    romdata   0x00195f    program   0x000000
    .idata__user_putc.o_i    romdata   0x00195f    program   0x000000
        .romdata_printf.o    romdata   0x00195f    program   0x000000
          .romdata_Menu.o    romdata   0x00195f    program   0x000000
          .idata_Menu.o_i    romdata   0x00195f    program   0x000000
        .idata_printf.o_i    romdata   0x00195f    program   0x000000
                    .code       code   0x001960    program   0x00000e
            .code_c018i.o       code   0x001960    program   0x000000
           .code___init.o       code   0x00196e    program   0x000002
        .idata_stdout.o_i    romdata   0x001970    program   0x000002
    .config_300001_Menu.o    romdata   0x300001    program   0x000001
    .config_300002_Menu.o    romdata   0x300002    program   0x000001
    .config_300003_Menu.o    romdata   0x300003    program   0x000001
    .config_300005_Menu.o    romdata   0x300005    program   0x000001
                MATH_DATA      udata   0x000000       data   0x000014
                 .tmpdata      udata   0x000014       data   0x00000c
             high_isr_tmp      udata   0x000020       data   0x000008
                DELAYDAT2      udata   0x000028       data   0x000001
                DELAYDAT1      udata   0x000029       data   0x000001
            .udata_Menu.o      udata   0x000080       data   0x00000e
           .udata_c018i.o      udata   0x00008e       data   0x00000a
          .idata_stdout.o      idata   0x000098       data   0x000002
      .udata__user_putc.o      udata   0x00009a       data   0x000000
      .idata__user_putc.o      idata   0x00009a       data   0x000000
            .idata_putc.o      idata   0x00009a       data   0x000000
            .udata_putc.o      udata   0x00009a       data   0x000000
         .idata_fxm3232.o      idata   0x00009a       data   0x000000
         .udata_fxm3232.o      udata   0x00009a       data   0x000000
        .idata_fxd3232u.o      idata   0x00009a       data   0x000000
        .udata_fxd3232u.o      udata   0x00009a       data   0x000000
        .idata_vfprintf.o      idata   0x00009a       data   0x000000
        .udata_vfprintf.o      udata   0x00009a       data   0x000000
          .udata_stdout.o      udata   0x00009a       data   0x000000
          .idata_printf.o      idata   0x00009a       data   0x000000
          .udata_printf.o      udata   0x00009a       data   0x000000
          .idata___init.o      idata   0x00009a       data   0x000000
          .udata___init.o      udata   0x00009a       data   0x000000
         .idata_t1write.o      idata   0x00009a       data   0x000000
         .udata_t1write.o      udata   0x00009a       data   0x000000
         .idata_t0write.o      idata   0x00009a       data   0x000000
         .udata_t0write.o      udata   0x00009a       data   0x000000
           .idata_uopen.o      idata   0x00009a       data   0x000000
           .udata_uopen.o      udata   0x00009a       data   0x000000
            .idata_Menu.o      idata   0x00009a       data   0x000000
           .idata_c018i.o      idata   0x00009a       data   0x000000
                   .stack      udata   0x000e00       data   0x000100
            SFR_UNBANKED0      udata   0x000f80       data   0x000080



                              Program Memory Usage 
                               Start         End      
                           ---------   ---------      
                            0x000000    0x001852      
                            0x001854    0x00195e      
                            0x001960    0x001971      
                            0x300001    0x300003      
                            0x300005    0x300005      
            6516 out of 66584 program addresses used, program memory utilization is 9%



                              Symbols - Sorted by Name
                     Name    Address   Location    Storage File                     
                ---------  ---------  ---------  --------- ---------                
                   D10K_1   0x0018d0    program     static C:\MCC18\src\traditional\delays\d10ktcyx.asm
                    D10Kl   0x0018dc    program     static C:\MCC18\src\traditional\delays\d10ktcyx.asm
                    D10Kx   0x0018ce    program     static C:\MCC18\src\traditional\delays\d10ktcyx.asm
             Delay10KTCYx   0x0018c4    program     extern C:\MCC18\src\traditional\delays\d10ktcyx.asm
                 FLO1632S   0x000c42    program     extern C:\MCC18\src\traditional\math\cast16FP.asm
                 FLO1632U   0x000c3e    program     extern C:\MCC18\src\traditional\math\cast16FP.asm
                    FPA32   0x000c6a    program     extern C:\MCC18\src\traditional\math\addFP.asm
                    FPD32   0x000d96    program     extern C:\MCC18\src\traditional\math\divFP.asm
                    FPM32   0x000e3c    program     extern C:\MCC18\src\traditional\math\mulFP.asm
                    FPS32   0x000c68    program     extern C:\MCC18\src\traditional\math\addFP.asm
                 FXD3232U   0x0017d2    program     extern C:\MCC18\src\traditional\math\fxd3232u.c
                 FXM1616S   0x001080    program     extern C:\MCC18\src\traditional\math\fxm1616s.asm
                  FXM3232   0x0016fc    program     extern C:\MCC18\src\traditional\math\fxm3232.c
                  INT3216   0x000f16    program     extern C:\MCC18\src\traditional\math\castFP16.asm
                OpenUSART   0x0015ee    program     extern C:\MCC18\src\pmc_common\USART\uopen.c
               TSIGN1616A   0x0010cc    program     static C:\MCC18\src\traditional\math\fxm1616s.asm
              WriteTimer0   0x00188c    program     extern C:\MCC18\src\pmc_common\Timers\t0write.c
              WriteTimer1   0x001854    program     extern C:\MCC18\src\pmc_common\Timers\t1write.c
                   _2jEnd   0x0017bc    program     static C:\MCC18\src\traditional\stdclib\slenpgm.asm
       _D10KTCYXCODE_0010   0x0018d4    program     static C:\MCC18\src\traditional\delays\d10ktcyx.asm
       _D10KTCYXCODE_001C   0x0018e0    program     static C:\MCC18\src\traditional\delays\d10ktcyx.asm
                 __FpExit   0x000f80    program     extern C:\MCC18\src\traditional\math\packFP.asm
                 __FpPack   0x000fac    program     extern C:\MCC18\src\traditional\math\packFP.asm
            __FpReturnNaN   0x000f74    program     extern C:\MCC18\src\traditional\math\packFP.asm
         __FpReturnNegInf   0x000f86    program     extern C:\MCC18\src\traditional\math\packFP.asm
        __FpReturnNegZero   0x000f9e    program     extern C:\MCC18\src\traditional\math\packFP.asm
         __FpReturnPosInf   0x000f8c    program     extern C:\MCC18\src\traditional\math\packFP.asm
        __FpReturnPosZero   0x000fa6    program     extern C:\MCC18\src\traditional\math\packFP.asm
        __FpReturnSignInf   0x000f82    program     extern C:\MCC18\src\traditional\math\packFP.asm
       __FpReturnSignZero   0x000f9a    program     extern C:\MCC18\src\traditional\math\packFP.asm
              __FpReturnW   0x001004    program     extern C:\MCC18\src\traditional\math\packFP.asm
              __FpUnPackA   0x001024    program     extern C:\MCC18\src\traditional\math\UnpackFP.asm
              __FpUnPackB   0x001054    program     extern C:\MCC18\src\traditional\math\UnpackFP.asm
       ___return_lbl00000   0x00000c    program     static                          
       ___return_lbl00000   0x001818    program     static                          
       ___return_lbl00000   0x000004    program     static                          
       ___return_lbl00000   0x00176a    program     static                          
       ___return_lbl00001   0x001930    program     static                          
       ___return_lbl00002   0x001554    program     static                          
               __config_0   0x300001    program     static C:\Users\Usuario\Desktop\Juan\Microcontroladores\PARCIAL\Juan_Alisiardi_UCA_micro1_13_11_2020\Menu.c
               __config_1   0x300002    program     static C:\Users\Usuario\Desktop\Juan\Microcontroladores\PARCIAL\Juan_Alisiardi_UCA_micro1_13_11_2020\Menu.c
               __config_2   0x300003    program     static C:\Users\Usuario\Desktop\Juan\Microcontroladores\PARCIAL\Juan_Alisiardi_UCA_micro1_13_11_2020\Menu.c
               __config_3   0x300005    program     static C:\Users\Usuario\Desktop\Juan\Microcontroladores\PARCIAL\Juan_Alisiardi_UCA_micro1_13_11_2020\Menu.c
                   __init   0x00196e    program     extern C:\MCC18\src\traditional\stdclib\__init.c
                   __pa_0   0x00095c    program     static C:\MCC18\src\traditional\stdclib\vfprintf.c
                   __pa_1   0x000964    program     static C:\MCC18\src\traditional\stdclib\vfprintf.c
                  __pa_10   0x000a18    program     static C:\MCC18\src\traditional\stdclib\vfprintf.c
                  __pa_11   0x000a26    program     static C:\MCC18\src\traditional\stdclib\vfprintf.c
                  __pa_12   0x000a3c    program     static C:\MCC18\src\traditional\stdclib\vfprintf.c
                  __pa_13   0x000a56    program     static C:\MCC18\src\traditional\stdclib\vfprintf.c
                  __pa_14   0x000a6e    program     static C:\MCC18\src\traditional\stdclib\vfprintf.c
                  __pa_15   0x000a7e    program     static C:\MCC18\src\traditional\stdclib\vfprintf.c
                  __pa_16   0x000a94    program     static C:\MCC18\src\traditional\stdclib\vfprintf.c
                  __pa_17   0x000aa6    program     static C:\MCC18\src\traditional\stdclib\vfprintf.c
                  __pa_18   0x000ab8    program     static C:\MCC18\src\traditional\stdclib\vfprintf.c
                  __pa_19   0x000ac2    program     static C:\MCC18\src\traditional\stdclib\vfprintf.c
                   __pa_2   0x00096e    program     static C:\MCC18\src\traditional\stdclib\vfprintf.c
                  __pa_20   0x000ad2    program     static C:\MCC18\src\traditional\stdclib\vfprintf.c
                  __pa_21   0x000ae2    program     static C:\MCC18\src\traditional\stdclib\vfprintf.c
                  __pa_22   0x000af2    program     static C:\MCC18\src\traditional\stdclib\vfprintf.c
                  __pa_23   0x000afe    program     static C:\MCC18\src\traditional\stdclib\vfprintf.c
                  __pa_24   0x000b0c    program     static C:\MCC18\src\traditional\stdclib\vfprintf.c
                  __pa_25   0x000b14    program     static C:\MCC18\src\traditional\stdclib\vfprintf.c
                  __pa_26   0x000b1e    program     static C:\MCC18\src\traditional\stdclib\vfprintf.c
                  __pa_27   0x000b28    program     static C:\MCC18\src\traditional\stdclib\vfprintf.c
                  __pa_28   0x000b30    program     static C:\MCC18\src\traditional\stdclib\vfprintf.c
                  __pa_29   0x000b3e    program     static C:\MCC18\src\traditional\stdclib\vfprintf.c
                   __pa_3   0x000978    program     static C:\MCC18\src\traditional\stdclib\vfprintf.c
                  __pa_30   0x000b5a    program     static C:\MCC18\src\traditional\stdclib\vfprintf.c
                  __pa_31   0x000b74    program     static C:\MCC18\src\traditional\stdclib\vfprintf.c
                  __pa_32   0x000b8e    program     static C:\MCC18\src\traditional\stdclib\vfprintf.c
                  __pa_33   0x000ba6    program     static C:\MCC18\src\traditional\stdclib\vfprintf.c
                  __pa_34   0x000bb0    program     static C:\MCC18\src\traditional\stdclib\vfprintf.c
                  __pa_35   0x000bbe    program     static C:\MCC18\src\traditional\stdclib\vfprintf.c
                  __pa_36   0x000bc6    program     static C:\MCC18\src\traditional\stdclib\vfprintf.c
                  __pa_37   0x000bd0    program     static C:\MCC18\src\traditional\stdclib\vfprintf.c
                  __pa_38   0x000be0    program     static C:\MCC18\src\traditional\stdclib\vfprintf.c
                  __pa_39   0x000bee    program     static C:\MCC18\src\traditional\stdclib\vfprintf.c
                   __pa_4   0x000990    program     static C:\MCC18\src\traditional\stdclib\vfprintf.c
                  __pa_40   0x000bfa    program     static C:\MCC18\src\traditional\stdclib\vfprintf.c
                  __pa_41   0x000c06    program     static C:\MCC18\src\traditional\stdclib\vfprintf.c
                  __pa_42   0x000c0e    program     static C:\MCC18\src\traditional\stdclib\vfprintf.c
                  __pa_43   0x000c18    program     static C:\MCC18\src\traditional\stdclib\vfprintf.c
                  __pa_44   0x000c1e    program     static C:\MCC18\src\traditional\stdclib\vfprintf.c
                  __pa_45   0x000c28    program     static C:\MCC18\src\traditional\stdclib\vfprintf.c
                  __pa_46   0x000c34    program     static C:\MCC18\src\traditional\stdclib\vfprintf.c
                   __pa_5   0x0009a4    program     static C:\MCC18\src\traditional\stdclib\vfprintf.c
                   __pa_6   0x0009c0    program     static C:\MCC18\src\traditional\stdclib\vfprintf.c
                   __pa_7   0x0009ca    program     static C:\MCC18\src\traditional\stdclib\vfprintf.c
                   __pa_8   0x0009d6    program     static C:\MCC18\src\traditional\stdclib\vfprintf.c
                   __pa_9   0x0009f8    program     static C:\MCC18\src\traditional\stdclib\vfprintf.c
               __string_0   0x00181a    program     static C:\Users\Usuario\Desktop\Juan\Microcontroladores\PARCIAL\Juan_Alisiardi_UCA_micro1_13_11_2020\Menu.c
              __tmplbl_42   0x000af2    program     static                          
              __tmplbl_43   0x00093a    program     static                          
              __tmplbl_44   0x000920    program     static                          
              __tmplbl_85   0x000072    program     static                          
            __zero_memory   0x001960    program     extern C:\MCC18\src\traditional\proc\p18F4620.asm
                _do_cinit   0x0014b8    program     extern C:\MCC18\src\traditional\startup\c018i.c
                   _entry   0x000000    program     extern C:\MCC18\src\traditional\startup\c018i.c
                   _false   0x001814    program     static                          
                 _startup   0x001916    program     extern C:\MCC18\src\traditional\startup\c018i.c
              _usart_putc   0x001932    program     extern C:\MCC18\src\pmc_common\USART\_usartpc.asm
               _user_putc   0x000006    program     extern C:\MCC18\src\traditional\stdclib\_user_putc.c
               clear_loop   0x001966    program     static C:\MCC18\src\traditional\proc\p18F4620.asm
                copy_loop   0x00152a    program     static                          
            copy_one_byte   0x001530    program     static                          
                     done   0x001554    program     static                          
             done_copying   0x00153e    program     static                          
                 high_isr   0x0010da    program     extern C:\Users\Usuario\Desktop\Juan\Microcontroladores\PARCIAL\Juan_Alisiardi_UCA_micro1_13_11_2020\Menu.c
 interrupt_at_high_vector   0x000008    program     extern C:\Users\Usuario\Desktop\Juan\Microcontroladores\PARCIAL\Juan_Alisiardi_UCA_micro1_13_11_2020\Menu.c
                  isdigit   0x0018f2    program     extern C:\MCC18\src\traditional\stdclib\isdigit.asm
                 jANotInf   0x000c92    program     static C:\MCC18\src\traditional\math\addFP.asm
                 jANotInf   0x000e5a    program     static C:\MCC18\src\traditional\math\mulFP.asm
                 jANotInf   0x000db4    program     static C:\MCC18\src\traditional\math\divFP.asm
                 jANotNeg   0x000d26    program     static C:\MCC18\src\traditional\math\addFP.asm
                jANotZero   0x000dc8    program     static C:\MCC18\src\traditional\math\divFP.asm
              jAandWsetup   0x000cf6    program     static C:\MCC18\src\traditional\math\addFP.asm
                 jAltBexp   0x000ce4    program     static C:\MCC18\src\traditional\math\addFP.asm
                jBANotInf   0x000c88    program     static C:\MCC18\src\traditional\math\addFP.asm
                 jBNotInf   0x000ca0    program     static C:\MCC18\src\traditional\math\addFP.asm
              jBothFinite   0x000e68    program     static C:\MCC18\src\traditional\math\mulFP.asm
             jBothNotZero   0x000e74    program     static C:\MCC18\src\traditional\math\mulFP.asm
            jDifOrPosSign   0x000cb4    program     static C:\MCC18\src\traditional\math\addFP.asm
                     jEnd   0x0017be    program     static C:\MCC18\src\traditional\stdclib\slenpgm.asm
                     jEnd   0x001786    program     static C:\MCC18\src\traditional\stdclib\strlen.asm
                    jExit   0x000f72    program     static C:\MCC18\src\traditional\math\castFP16.asm
               jFinalSign   0x000d8e    program     static C:\MCC18\src\traditional\math\addFP.asm
                jHaveZero   0x000e70    program     static C:\MCC18\src\traditional\math\mulFP.asm
                jI2F16Beg   0x000c52    program     static C:\MCC18\src\traditional\math\cast16FP.asm
                    jLoop   0x0017a6    program     static C:\MCC18\src\traditional\stdclib\slenpgm.asm
                    jLoop   0x00177c    program     static C:\MCC18\src\traditional\stdclib\strlen.asm
                    jLoop   0x000df0    program     static C:\MCC18\src\traditional\math\divFP.asm
                    jLoop   0x000f52    program     static C:\MCC18\src\traditional\math\castFP16.asm
                jLoopExit   0x000f62    program     static C:\MCC18\src\traditional\math\castFP16.asm
                   jMatch   0x001912    program     static C:\MCC18\src\traditional\stdclib\isdigit.asm
                     jMax   0x000f26    program     static C:\MCC18\src\traditional\math\castFP16.asm
                  jMaxNeg   0x000f34    program     static C:\MCC18\src\traditional\math\castFP16.asm
                  jMaxPos   0x000f2a    program     static C:\MCC18\src\traditional\math\castFP16.asm
                    jNext   0x000e16    program     static C:\MCC18\src\traditional\math\divFP.asm
                jNoAdjust   0x000e14    program     static C:\MCC18\src\traditional\math\divFP.asm
                 jNoMatch   0x001914    program     static C:\MCC18\src\traditional\stdclib\isdigit.asm
             jNotBothZero   0x000cb8    program     static C:\MCC18\src\traditional\math\addFP.asm
                  jNotInf   0x000f42    program     static C:\MCC18\src\traditional\math\castFP16.asm
                  jPkLoop   0x000fba    program     static C:\MCC18\src\traditional\math\packFP.asm
             jPkRoundDone   0x001004    program     static C:\MCC18\src\traditional\math\packFP.asm
               jPkRoundIt   0x000fec    program     static C:\MCC18\src\traditional\math\packFP.asm
             jPkShiftDone   0x000fd6    program     static C:\MCC18\src\traditional\math\packFP.asm
           jReturnPosInf0   0x000f90    program     static C:\MCC18\src\traditional\math\packFP.asm
               jShiftDone   0x000d4e    program     static C:\MCC18\src\traditional\math\addFP.asm
               jShiftLoop   0x000d40    program     static C:\MCC18\src\traditional\math\addFP.asm
                jSignDone   0x000d7e    program     static C:\MCC18\src\traditional\math\addFP.asm
              jSignedZero   0x000dbe    program     static C:\MCC18\src\traditional\math\divFP.asm
                  jUnpkA1   0x00102e    program     static C:\MCC18\src\traditional\math\UnpackFP.asm
                  jUnpkA2   0x001046    program     static C:\MCC18\src\traditional\math\UnpackFP.asm
                 jUnpkANZ   0x00103c    program     static C:\MCC18\src\traditional\math\UnpackFP.asm
                  jUnpkB1   0x00105e    program     static C:\MCC18\src\traditional\math\UnpackFP.asm
                  jUnpkB2   0x001076    program     static C:\MCC18\src\traditional\math\UnpackFP.asm
                 jUnpkBNZ   0x00106c    program     static C:\MCC18\src\traditional\math\UnpackFP.asm
                 jUnpkNaN   0x001050    program     static C:\MCC18\src\traditional\math\UnpackFP.asm
                 jWNotNeg   0x000d3a    program     static C:\MCC18\src\traditional\math\addFP.asm
                    jZero   0x000f3c    program     static C:\MCC18\src\traditional\math\castFP16.asm
               jZero1and2   0x000f94    program     static C:\MCC18\src\traditional\math\packFP.asm
                     loop   0x0017e0    program     static                          
                     loop   0x001926    program     static                          
                     loop   0x001942    program     static C:\MCC18\src\pmc_common\USART\_usartpc.asm
                     main   0x001282    program     extern C:\Users\Usuario\Desktop\Juan\Microcontroladores\PARCIAL\Juan_Alisiardi_UCA_micro1_13_11_2020\Menu.c
                   printf   0x001556    program     extern C:\MCC18\src\traditional\stdclib\printf.c
                     putc   0x001678    program     extern C:\MCC18\src\traditional\stdclib\putc.c
                 s_digits   0x00194e    program     static C:\MCC18\src\traditional\stdclib\vfprintf.c
            s_put_n_chars   0x00001c    program     static C:\MCC18\src\traditional\stdclib\vfprintf.c
                   strlen   0x00176c    program     extern C:\MCC18\src\traditional\stdclib\strlen.asm
                strlenpgm   0x001788    program     extern C:\MCC18\src\traditional\stdclib\slenpgm.asm
                     test   0x0014d2    program     static                          
                 vfprintf   0x000048    program     extern C:\MCC18\src\traditional\stdclib\vfprintf.c
                   ADCON0   0x000fc2       data     extern C:\MCC18\src\traditional\proc\p18F4620.asm
               ADCON0bits   0x000fc2       data     extern C:\MCC18\src\traditional\proc\p18F4620.asm
                   ADCON1   0x000fc1       data     extern C:\MCC18\src\traditional\proc\p18F4620.asm
               ADCON1bits   0x000fc1       data     extern C:\MCC18\src\traditional\proc\p18F4620.asm
                   ADCON2   0x000fc0       data     extern C:\MCC18\src\traditional\proc\p18F4620.asm
               ADCON2bits   0x000fc0       data     extern C:\MCC18\src\traditional\proc\p18F4620.asm
                    ADRES   0x000fc3       data     extern C:\MCC18\src\traditional\proc\p18F4620.asm
                   ADRESH   0x000fc4       data     extern C:\MCC18\src\traditional\proc\p18F4620.asm
                   ADRESL   0x000fc3       data     extern C:\MCC18\src\traditional\proc\p18F4620.asm
                  BAUDCON   0x000fb8       data     extern C:\MCC18\src\traditional\proc\p18F4620.asm
              BAUDCONbits   0x000fb8       data     extern C:\MCC18\src\traditional\proc\p18F4620.asm
                  BAUDCTL   0x000fb8       data     extern C:\MCC18\src\traditional\proc\p18F4620.asm
              BAUDCTLbits   0x000fb8       data     extern C:\MCC18\src\traditional\proc\p18F4620.asm
                      BSR   0x000fe0       data     extern C:\MCC18\src\traditional\proc\p18F4620.asm
                  CCP1CON   0x000fbd       data     extern C:\MCC18\src\traditional\proc\p18F4620.asm
              CCP1CONbits   0x000fbd       data     extern C:\MCC18\src\traditional\proc\p18F4620.asm
                  CCP2CON   0x000fba       data     extern C:\MCC18\src\traditional\proc\p18F4620.asm
              CCP2CONbits   0x000fba       data     extern C:\MCC18\src\traditional\proc\p18F4620.asm
                    CCPR1   0x000fbe       data     extern C:\MCC18\src\traditional\proc\p18F4620.asm
                   CCPR1H   0x000fbf       data     extern C:\MCC18\src\traditional\proc\p18F4620.asm
                   CCPR1L   0x000fbe       data     extern C:\MCC18\src\traditional\proc\p18F4620.asm
                    CCPR2   0x000fbb       data     extern C:\MCC18\src\traditional\proc\p18F4620.asm
                   CCPR2H   0x000fbc       data     extern C:\MCC18\src\traditional\proc\p18F4620.asm
                   CCPR2L   0x000fbb       data     extern C:\MCC18\src\traditional\proc\p18F4620.asm
                    CMCON   0x000fb4       data     extern C:\MCC18\src\traditional\proc\p18F4620.asm
                CMCONbits   0x000fb4       data     extern C:\MCC18\src\traditional\proc\p18F4620.asm
                   CVRCON   0x000fb5       data     extern C:\MCC18\src\traditional\proc\p18F4620.asm
               CVRCONbits   0x000fb5       data     extern C:\MCC18\src\traditional\proc\p18F4620.asm
                     DDRA   0x000f92       data     extern C:\MCC18\src\traditional\proc\p18F4620.asm
                 DDRAbits   0x000f92       data     extern C:\MCC18\src\traditional\proc\p18F4620.asm
                     DDRB   0x000f93       data     extern C:\MCC18\src\traditional\proc\p18F4620.asm
                 DDRBbits   0x000f93       data     extern C:\MCC18\src\traditional\proc\p18F4620.asm
                     DDRC   0x000f94       data     extern C:\MCC18\src\traditional\proc\p18F4620.asm
                 DDRCbits   0x000f94       data     extern C:\MCC18\src\traditional\proc\p18F4620.asm
                     DDRD   0x000f95       data     extern C:\MCC18\src\traditional\proc\p18F4620.asm
                 DDRDbits   0x000f95       data     extern C:\MCC18\src\traditional\proc\p18F4620.asm
                     DDRE   0x000f96       data     extern C:\MCC18\src\traditional\proc\p18F4620.asm
                 DDREbits   0x000f96       data     extern C:\MCC18\src\traditional\proc\p18F4620.asm
                    DEBUG   0x000fd4       data     extern C:\MCC18\src\traditional\proc\p18F4620.asm
            DelayCounter1   0x000029       data     extern C:\MCC18\src\traditional\delays\delayd1.asm
            DelayCounter2   0x000028       data     extern C:\MCC18\src\traditional\delays\delayd2.asm
                  ECCP1AS   0x000fb6       data     extern C:\MCC18\src\traditional\proc\p18F4620.asm
              ECCP1ASbits   0x000fb6       data     extern C:\MCC18\src\traditional\proc\p18F4620.asm
                    EEADR   0x000fa9       data     extern C:\MCC18\src\traditional\proc\p18F4620.asm
                   EEADRH   0x000faa       data     extern C:\MCC18\src\traditional\proc\p18F4620.asm
                   EECON1   0x000fa6       data     extern C:\MCC18\src\traditional\proc\p18F4620.asm
               EECON1bits   0x000fa6       data     extern C:\MCC18\src\traditional\proc\p18F4620.asm
                   EECON2   0x000fa7       data     extern C:\MCC18\src\traditional\proc\p18F4620.asm
                   EEDATA   0x000fa8       data     extern C:\MCC18\src\traditional\proc\p18F4620.asm
                     FSR0   0x000fe9       data     extern C:\MCC18\src\traditional\proc\p18F4620.asm
                    FSR0H   0x000fea       data     extern C:\MCC18\src\traditional\proc\p18F4620.asm
                    FSR0L   0x000fe9       data     extern C:\MCC18\src\traditional\proc\p18F4620.asm
                     FSR1   0x000fe1       data     extern C:\MCC18\src\traditional\proc\p18F4620.asm
                    FSR1H   0x000fe2       data     extern C:\MCC18\src\traditional\proc\p18F4620.asm
                    FSR1L   0x000fe1       data     extern C:\MCC18\src\traditional\proc\p18F4620.asm
                     FSR2   0x000fd9       data     extern C:\MCC18\src\traditional\proc\p18F4620.asm
                    FSR2H   0x000fda       data     extern C:\MCC18\src\traditional\proc\p18F4620.asm
                    FSR2L   0x000fd9       data     extern C:\MCC18\src\traditional\proc\p18F4620.asm
                  HLVDCON   0x000fd2       data     extern C:\MCC18\src\traditional\proc\p18F4620.asm
              HLVDCONbits   0x000fd2       data     extern C:\MCC18\src\traditional\proc\p18F4620.asm
                    INDF0   0x000fef       data     extern C:\MCC18\src\traditional\proc\p18F4620.asm
                    INDF1   0x000fe7       data     extern C:\MCC18\src\traditional\proc\p18F4620.asm
                    INDF2   0x000fdf       data     extern C:\MCC18\src\traditional\proc\p18F4620.asm
                   INTCON   0x000ff2       data     extern C:\MCC18\src\traditional\proc\p18F4620.asm
                  INTCON2   0x000ff1       data     extern C:\MCC18\src\traditional\proc\p18F4620.asm
              INTCON2bits   0x000ff1       data     extern C:\MCC18\src\traditional\proc\p18F4620.asm
                  INTCON3   0x000ff0       data     extern C:\MCC18\src\traditional\proc\p18F4620.asm
              INTCON3bits   0x000ff0       data     extern C:\MCC18\src\traditional\proc\p18F4620.asm
               INTCONbits   0x000ff2       data     extern C:\MCC18\src\traditional\proc\p18F4620.asm
                     IPR1   0x000f9f       data     extern C:\MCC18\src\traditional\proc\p18F4620.asm
                 IPR1bits   0x000f9f       data     extern C:\MCC18\src\traditional\proc\p18F4620.asm
                     IPR2   0x000fa2       data     extern C:\MCC18\src\traditional\proc\p18F4620.asm
                 IPR2bits   0x000fa2       data     extern C:\MCC18\src\traditional\proc\p18F4620.asm
                     LATA   0x000f89       data     extern C:\MCC18\src\traditional\proc\p18F4620.asm
                 LATAbits   0x000f89       data     extern C:\MCC18\src\traditional\proc\p18F4620.asm
                     LATB   0x000f8a       data     extern C:\MCC18\src\traditional\proc\p18F4620.asm
                 LATBbits   0x000f8a       data     extern C:\MCC18\src\traditional\proc\p18F4620.asm
                     LATC   0x000f8b       data     extern C:\MCC18\src\traditional\proc\p18F4620.asm
                 LATCbits   0x000f8b       data     extern C:\MCC18\src\traditional\proc\p18F4620.asm
                     LATD   0x000f8c       data     extern C:\MCC18\src\traditional\proc\p18F4620.asm
                 LATDbits   0x000f8c       data     extern C:\MCC18\src\traditional\proc\p18F4620.asm
                     LATE   0x000f8d       data     extern C:\MCC18\src\traditional\proc\p18F4620.asm
                 LATEbits   0x000f8d       data     extern C:\MCC18\src\traditional\proc\p18F4620.asm
                   LVDCON   0x000fd2       data     extern C:\MCC18\src\traditional\proc\p18F4620.asm
               LVDCONbits   0x000fd2       data     extern C:\MCC18\src\traditional\proc\p18F4620.asm
                   OSCCON   0x000fd3       data     extern C:\MCC18\src\traditional\proc\p18F4620.asm
               OSCCONbits   0x000fd3       data     extern C:\MCC18\src\traditional\proc\p18F4620.asm
                  OSCTUNE   0x000f9b       data     extern C:\MCC18\src\traditional\proc\p18F4620.asm
              OSCTUNEbits   0x000f9b       data     extern C:\MCC18\src\traditional\proc\p18F4620.asm
                       PC   0x000ff9       data     extern C:\MCC18\src\traditional\proc\p18F4620.asm
                      PCL   0x000ff9       data     extern C:\MCC18\src\traditional\proc\p18F4620.asm
                   PCLATH   0x000ffa       data     extern C:\MCC18\src\traditional\proc\p18F4620.asm
                   PCLATU   0x000ffb       data     extern C:\MCC18\src\traditional\proc\p18F4620.asm
                     PIE1   0x000f9d       data     extern C:\MCC18\src\traditional\proc\p18F4620.asm
                 PIE1bits   0x000f9d       data     extern C:\MCC18\src\traditional\proc\p18F4620.asm
                     PIE2   0x000fa0       data     extern C:\MCC18\src\traditional\proc\p18F4620.asm
                 PIE2bits   0x000fa0       data     extern C:\MCC18\src\traditional\proc\p18F4620.asm
                     PIR1   0x000f9e       data     extern C:\MCC18\src\traditional\proc\p18F4620.asm
                 PIR1bits   0x000f9e       data     extern C:\MCC18\src\traditional\proc\p18F4620.asm
                     PIR2   0x000fa1       data     extern C:\MCC18\src\traditional\proc\p18F4620.asm
                 PIR2bits   0x000fa1       data     extern C:\MCC18\src\traditional\proc\p18F4620.asm
                   PLUSW0   0x000feb       data     extern C:\MCC18\src\traditional\proc\p18F4620.asm
                   PLUSW1   0x000fe3       data     extern C:\MCC18\src\traditional\proc\p18F4620.asm
                   PLUSW2   0x000fdb       data     extern C:\MCC18\src\traditional\proc\p18F4620.asm
                    PORTA   0x000f80       data     extern C:\MCC18\src\traditional\proc\p18F4620.asm
                PORTAbits   0x000f80       data     extern C:\MCC18\src\traditional\proc\p18F4620.asm
                    PORTB   0x000f81       data     extern C:\MCC18\src\traditional\proc\p18F4620.asm
                PORTBbits   0x000f81       data     extern C:\MCC18\src\traditional\proc\p18F4620.asm
                    PORTC   0x000f82       data     extern C:\MCC18\src\traditional\proc\p18F4620.asm
                PORTCbits   0x000f82       data     extern C:\MCC18\src\traditional\proc\p18F4620.asm
                    PORTD   0x000f83       data     extern C:\MCC18\src\traditional\proc\p18F4620.asm
                PORTDbits   0x000f83       data     extern C:\MCC18\src\traditional\proc\p18F4620.asm
                    PORTE   0x000f84       data     extern C:\MCC18\src\traditional\proc\p18F4620.asm
                PORTEbits   0x000f84       data     extern C:\MCC18\src\traditional\proc\p18F4620.asm
                 POSTDEC0   0x000fed       data     extern C:\MCC18\src\traditional\proc\p18F4620.asm
                 POSTDEC1   0x000fe5       data     extern C:\MCC18\src\traditional\proc\p18F4620.asm
                 POSTDEC2   0x000fdd       data     extern C:\MCC18\src\traditional\proc\p18F4620.asm
                 POSTINC0   0x000fee       data     extern C:\MCC18\src\traditional\proc\p18F4620.asm
                 POSTINC1   0x000fe6       data     extern C:\MCC18\src\traditional\proc\p18F4620.asm
                 POSTINC2   0x000fde       data     extern C:\MCC18\src\traditional\proc\p18F4620.asm
                      PR2   0x000fcb       data     extern C:\MCC18\src\traditional\proc\p18F4620.asm
                  PREINC0   0x000fec       data     extern C:\MCC18\src\traditional\proc\p18F4620.asm
                  PREINC1   0x000fe4       data     extern C:\MCC18\src\traditional\proc\p18F4620.asm
                  PREINC2   0x000fdc       data     extern C:\MCC18\src\traditional\proc\p18F4620.asm
                     PROD   0x000ff3       data     extern C:\MCC18\src\traditional\proc\p18F4620.asm
                    PRODH   0x000ff4       data     extern C:\MCC18\src\traditional\proc\p18F4620.asm
                    PRODL   0x000ff3       data     extern C:\MCC18\src\traditional\proc\p18F4620.asm
                  PWM1CON   0x000fb7       data     extern C:\MCC18\src\traditional\proc\p18F4620.asm
              PWM1CONbits   0x000fb7       data     extern C:\MCC18\src\traditional\proc\p18F4620.asm
                     RCON   0x000fd0       data     extern C:\MCC18\src\traditional\proc\p18F4620.asm
                 RCONbits   0x000fd0       data     extern C:\MCC18\src\traditional\proc\p18F4620.asm
                    RCREG   0x000fae       data     extern C:\MCC18\src\traditional\proc\p18F4620.asm
                    RCSTA   0x000fab       data     extern C:\MCC18\src\traditional\proc\p18F4620.asm
                RCSTAbits   0x000fab       data     extern C:\MCC18\src\traditional\proc\p18F4620.asm
                     SIGN   0x00000e       data     extern C:\MCC18\src\traditional\math\cmath18.asm
                    SPBRG   0x000faf       data     extern C:\MCC18\src\traditional\proc\p18F4620.asm
                   SPBRGH   0x000fb0       data     extern C:\MCC18\src\traditional\proc\p18F4620.asm
                   SSPADD   0x000fc8       data     extern C:\MCC18\src\traditional\proc\p18F4620.asm
                   SSPBUF   0x000fc9       data     extern C:\MCC18\src\traditional\proc\p18F4620.asm
                  SSPCON1   0x000fc6       data     extern C:\MCC18\src\traditional\proc\p18F4620.asm
              SSPCON1bits   0x000fc6       data     extern C:\MCC18\src\traditional\proc\p18F4620.asm
                  SSPCON2   0x000fc5       data     extern C:\MCC18\src\traditional\proc\p18F4620.asm
              SSPCON2bits   0x000fc5       data     extern C:\MCC18\src\traditional\proc\p18F4620.asm
                  SSPSTAT   0x000fc7       data     extern C:\MCC18\src\traditional\proc\p18F4620.asm
              SSPSTATbits   0x000fc7       data     extern C:\MCC18\src\traditional\proc\p18F4620.asm
                   STATUS   0x000fd8       data     extern C:\MCC18\src\traditional\proc\p18F4620.asm
               STATUSbits   0x000fd8       data     extern C:\MCC18\src\traditional\proc\p18F4620.asm
                   STKPTR   0x000ffc       data     extern C:\MCC18\src\traditional\proc\p18F4620.asm
               STKPTRbits   0x000ffc       data     extern C:\MCC18\src\traditional\proc\p18F4620.asm
                    T0CON   0x000fd5       data     extern C:\MCC18\src\traditional\proc\p18F4620.asm
                T0CONbits   0x000fd5       data     extern C:\MCC18\src\traditional\proc\p18F4620.asm
                    T1CON   0x000fcd       data     extern C:\MCC18\src\traditional\proc\p18F4620.asm
                T1CONbits   0x000fcd       data     extern C:\MCC18\src\traditional\proc\p18F4620.asm
                    T2CON   0x000fca       data     extern C:\MCC18\src\traditional\proc\p18F4620.asm
                T2CONbits   0x000fca       data     extern C:\MCC18\src\traditional\proc\p18F4620.asm
                    T3CON   0x000fb1       data     extern C:\MCC18\src\traditional\proc\p18F4620.asm
                T3CONbits   0x000fb1       data     extern C:\MCC18\src\traditional\proc\p18F4620.asm
                   TABLAT   0x000ff5       data     extern C:\MCC18\src\traditional\proc\p18F4620.asm
                   TBLPTR   0x000ff6       data     extern C:\MCC18\src\traditional\proc\p18F4620.asm
                  TBLPTRH   0x000ff7       data     extern C:\MCC18\src\traditional\proc\p18F4620.asm
                  TBLPTRL   0x000ff6       data     extern C:\MCC18\src\traditional\proc\p18F4620.asm
                  TBLPTRU   0x000ff8       data     extern C:\MCC18\src\traditional\proc\p18F4620.asm
                    TMR0H   0x000fd7       data     extern C:\MCC18\src\traditional\proc\p18F4620.asm
                    TMR0L   0x000fd6       data     extern C:\MCC18\src\traditional\proc\p18F4620.asm
                    TMR1H   0x000fcf       data     extern C:\MCC18\src\traditional\proc\p18F4620.asm
                    TMR1L   0x000fce       data     extern C:\MCC18\src\traditional\proc\p18F4620.asm
                     TMR2   0x000fcc       data     extern C:\MCC18\src\traditional\proc\p18F4620.asm
                    TMR3H   0x000fb3       data     extern C:\MCC18\src\traditional\proc\p18F4620.asm
                    TMR3L   0x000fb2       data     extern C:\MCC18\src\traditional\proc\p18F4620.asm
                      TOS   0x000ffd       data     extern C:\MCC18\src\traditional\proc\p18F4620.asm
                     TOSH   0x000ffe       data     extern C:\MCC18\src\traditional\proc\p18F4620.asm
                     TOSL   0x000ffd       data     extern C:\MCC18\src\traditional\proc\p18F4620.asm
                     TOSU   0x000fff       data     extern C:\MCC18\src\traditional\proc\p18F4620.asm
                    TRISA   0x000f92       data     extern C:\MCC18\src\traditional\proc\p18F4620.asm
                TRISAbits   0x000f92       data     extern C:\MCC18\src\traditional\proc\p18F4620.asm
                    TRISB   0x000f93       data     extern C:\MCC18\src\traditional\proc\p18F4620.asm
                TRISBbits   0x000f93       data     extern C:\MCC18\src\traditional\proc\p18F4620.asm
                    TRISC   0x000f94       data     extern C:\MCC18\src\traditional\proc\p18F4620.asm
                TRISCbits   0x000f94       data     extern C:\MCC18\src\traditional\proc\p18F4620.asm
                    TRISD   0x000f95       data     extern C:\MCC18\src\traditional\proc\p18F4620.asm
                TRISDbits   0x000f95       data     extern C:\MCC18\src\traditional\proc\p18F4620.asm
                    TRISE   0x000f96       data     extern C:\MCC18\src\traditional\proc\p18F4620.asm
                TRISEbits   0x000f96       data     extern C:\MCC18\src\traditional\proc\p18F4620.asm
                    TXREG   0x000fad       data     extern C:\MCC18\src\traditional\proc\p18F4620.asm
                    TXSTA   0x000fac       data     extern C:\MCC18\src\traditional\proc\p18F4620.asm
                TXSTAbits   0x000fac       data     extern C:\MCC18\src\traditional\proc\p18F4620.asm
                        W   0x000fe8       data     extern C:\MCC18\src\traditional\proc\p18F4620.asm
                   WDTCON   0x000fd1       data     extern C:\MCC18\src\traditional\proc\p18F4620.asm
               WDTCONbits   0x000fd1       data     extern C:\MCC18\src\traditional\proc\p18F4620.asm
                     WREG   0x000fe8       data     extern C:\MCC18\src\traditional\proc\p18F4620.asm
                 __AARGB0   0x000007       data     extern C:\MCC18\src\traditional\math\aarg.asm
                 __AARGB1   0x000006       data     extern C:\MCC18\src\traditional\math\aarg.asm
                 __AARGB2   0x000005       data     extern C:\MCC18\src\traditional\math\aarg.asm
                 __AARGB3   0x000004       data     extern C:\MCC18\src\traditional\math\aarg.asm
                 __AARGB4   0x000003       data     extern C:\MCC18\src\traditional\math\aarg.asm
                 __AARGB5   0x000002       data     extern C:\MCC18\src\traditional\math\aarg.asm
                 __AARGB6   0x000001       data     extern C:\MCC18\src\traditional\math\aarg.asm
                 __AARGB7   0x000000       data     extern C:\MCC18\src\traditional\math\aarg.asm
                   __AEXP   0x000008       data     extern C:\MCC18\src\traditional\math\aarg.asm
                 __BARGB0   0x00000c       data     extern C:\MCC18\src\traditional\math\barg.asm
                 __BARGB1   0x00000b       data     extern C:\MCC18\src\traditional\math\barg.asm
                 __BARGB2   0x00000a       data     extern C:\MCC18\src\traditional\math\barg.asm
                 __BARGB3   0x000009       data     extern C:\MCC18\src\traditional\math\barg.asm
                   __BEXP   0x00000d       data     extern C:\MCC18\src\traditional\math\barg.asm
                __FPFLAGS   0x00000f       data     extern C:\MCC18\src\traditional\math\cmath18.asm
            __FPFLAGSbits   0x00000f       data     extern C:\MCC18\src\traditional\math\cmath18.asm
                  __REMB0   0x000003       data     extern C:\MCC18\src\traditional\math\aarg.asm
                  __REMB1   0x000002       data     extern C:\MCC18\src\traditional\math\aarg.asm
                  __REMB2   0x000001       data     extern C:\MCC18\src\traditional\math\aarg.asm
                  __REMB3   0x000000       data     extern C:\MCC18\src\traditional\math\aarg.asm
                   __TEMP   0x000013       data     extern C:\MCC18\src\traditional\math\temparg.asm
                 __TEMPB0   0x000013       data     extern C:\MCC18\src\traditional\math\temparg.asm
                 __TEMPB1   0x000012       data     extern C:\MCC18\src\traditional\math\temparg.asm
                 __TEMPB2   0x000011       data     extern C:\MCC18\src\traditional\math\temparg.asm
                 __TEMPB3   0x000010       data     extern C:\MCC18\src\traditional\math\temparg.asm
                  __tmp_0   0x000014       data     static C:\MCC18\src\traditional\stdclib\printf.c
                  __tmp_0   0x000014       data     static C:\MCC18\src\traditional\stdclib\vfprintf.c
                  __tmp_0   0x000014       data     static C:\MCC18\src\traditional\stdclib\putc.c
                  __tmp_0   0x000014       data     static C:\MCC18\src\pmc_common\USART\uopen.c
                  __tmp_0   0x000014       data     static C:\Users\Usuario\Desktop\Juan\Microcontroladores\PARCIAL\Juan_Alisiardi_UCA_micro1_13_11_2020\Menu.c
                  __tmp_1   0x000020       data     static C:\Users\Usuario\Desktop\Juan\Microcontroladores\PARCIAL\Juan_Alisiardi_UCA_micro1_13_11_2020\Menu.c
                   angulo   0x000084       data     extern C:\Users\Usuario\Desktop\Juan\Microcontroladores\PARCIAL\Juan_Alisiardi_UCA_micro1_13_11_2020\Menu.c
                curr_byte   0x000091       data     static C:\MCC18\src\traditional\startup\c018i.c
               curr_entry   0x000093       data     static C:\MCC18\src\traditional\startup\c018i.c
                 data_ptr   0x000095       data     static C:\MCC18\src\traditional\startup\c018i.c
               porcentaje   0x000088       data     extern C:\Users\Usuario\Desktop\Juan\Microcontroladores\PARCIAL\Juan_Alisiardi_UCA_micro1_13_11_2020\Menu.c
                     pote   0x000080       data     extern C:\Users\Usuario\Desktop\Juan\Microcontroladores\PARCIAL\Juan_Alisiardi_UCA_micro1_13_11_2020\Menu.c
                    poteh   0x000082       data     extern C:\Users\Usuario\Desktop\Juan\Microcontroladores\PARCIAL\Juan_Alisiardi_UCA_micro1_13_11_2020\Menu.c
                     prom   0x00008e       data     static C:\MCC18\src\traditional\startup\c018i.c
                   stdout   0x000098       data     extern C:\MCC18\src\traditional\stdclib\stdout.c
                   tiempo   0x00008c       data     extern C:\Users\Usuario\Desktop\Juan\Microcontroladores\PARCIAL\Juan_Alisiardi_UCA_micro1_13_11_2020\Menu.c



                              Symbols - Sorted by Address
                     Name    Address   Location    Storage File                     
                ---------  ---------  ---------  --------- ---------                
                   _entry   0x000000    program     extern C:\MCC18\src\traditional\startup\c018i.c
       ___return_lbl00000   0x000004    program     static                          
               _user_putc   0x000006    program     extern C:\MCC18\src\traditional\stdclib\_user_putc.c
 interrupt_at_high_vector   0x000008    program     extern C:\Users\Usuario\Desktop\Juan\Microcontroladores\PARCIAL\Juan_Alisiardi_UCA_micro1_13_11_2020\Menu.c
       ___return_lbl00000   0x00000c    program     static                          
            s_put_n_chars   0x00001c    program     static C:\MCC18\src\traditional\stdclib\vfprintf.c
                 vfprintf   0x000048    program     extern C:\MCC18\src\traditional\stdclib\vfprintf.c
              __tmplbl_85   0x000072    program     static                          
              __tmplbl_44   0x000920    program     static                          
              __tmplbl_43   0x00093a    program     static                          
                   __pa_0   0x00095c    program     static C:\MCC18\src\traditional\stdclib\vfprintf.c
                   __pa_1   0x000964    program     static C:\MCC18\src\traditional\stdclib\vfprintf.c
                   __pa_2   0x00096e    program     static C:\MCC18\src\traditional\stdclib\vfprintf.c
                   __pa_3   0x000978    program     static C:\MCC18\src\traditional\stdclib\vfprintf.c
                   __pa_4   0x000990    program     static C:\MCC18\src\traditional\stdclib\vfprintf.c
                   __pa_5   0x0009a4    program     static C:\MCC18\src\traditional\stdclib\vfprintf.c
                   __pa_6   0x0009c0    program     static C:\MCC18\src\traditional\stdclib\vfprintf.c
                   __pa_7   0x0009ca    program     static C:\MCC18\src\traditional\stdclib\vfprintf.c
                   __pa_8   0x0009d6    program     static C:\MCC18\src\traditional\stdclib\vfprintf.c
                   __pa_9   0x0009f8    program     static C:\MCC18\src\traditional\stdclib\vfprintf.c
                  __pa_10   0x000a18    program     static C:\MCC18\src\traditional\stdclib\vfprintf.c
                  __pa_11   0x000a26    program     static C:\MCC18\src\traditional\stdclib\vfprintf.c
                  __pa_12   0x000a3c    program     static C:\MCC18\src\traditional\stdclib\vfprintf.c
                  __pa_13   0x000a56    program     static C:\MCC18\src\traditional\stdclib\vfprintf.c
                  __pa_14   0x000a6e    program     static C:\MCC18\src\traditional\stdclib\vfprintf.c
                  __pa_15   0x000a7e    program     static C:\MCC18\src\traditional\stdclib\vfprintf.c
                  __pa_16   0x000a94    program     static C:\MCC18\src\traditional\stdclib\vfprintf.c
                  __pa_17   0x000aa6    program     static C:\MCC18\src\traditional\stdclib\vfprintf.c
                  __pa_18   0x000ab8    program     static C:\MCC18\src\traditional\stdclib\vfprintf.c
                  __pa_19   0x000ac2    program     static C:\MCC18\src\traditional\stdclib\vfprintf.c
                  __pa_20   0x000ad2    program     static C:\MCC18\src\traditional\stdclib\vfprintf.c
                  __pa_21   0x000ae2    program     static C:\MCC18\src\traditional\stdclib\vfprintf.c
                  __pa_22   0x000af2    program     static C:\MCC18\src\traditional\stdclib\vfprintf.c
              __tmplbl_42   0x000af2    program     static                          
                  __pa_23   0x000afe    program     static C:\MCC18\src\traditional\stdclib\vfprintf.c
                  __pa_24   0x000b0c    program     static C:\MCC18\src\traditional\stdclib\vfprintf.c
                  __pa_25   0x000b14    program     static C:\MCC18\src\traditional\stdclib\vfprintf.c
                  __pa_26   0x000b1e    program     static C:\MCC18\src\traditional\stdclib\vfprintf.c
                  __pa_27   0x000b28    program     static C:\MCC18\src\traditional\stdclib\vfprintf.c
                  __pa_28   0x000b30    program     static C:\MCC18\src\traditional\stdclib\vfprintf.c
                  __pa_29   0x000b3e    program     static C:\MCC18\src\traditional\stdclib\vfprintf.c
                  __pa_30   0x000b5a    program     static C:\MCC18\src\traditional\stdclib\vfprintf.c
                  __pa_31   0x000b74    program     static C:\MCC18\src\traditional\stdclib\vfprintf.c
                  __pa_32   0x000b8e    program     static C:\MCC18\src\traditional\stdclib\vfprintf.c
                  __pa_33   0x000ba6    program     static C:\MCC18\src\traditional\stdclib\vfprintf.c
                  __pa_34   0x000bb0    program     static C:\MCC18\src\traditional\stdclib\vfprintf.c
                  __pa_35   0x000bbe    program     static C:\MCC18\src\traditional\stdclib\vfprintf.c
                  __pa_36   0x000bc6    program     static C:\MCC18\src\traditional\stdclib\vfprintf.c
                  __pa_37   0x000bd0    program     static C:\MCC18\src\traditional\stdclib\vfprintf.c
                  __pa_38   0x000be0    program     static C:\MCC18\src\traditional\stdclib\vfprintf.c
                  __pa_39   0x000bee    program     static C:\MCC18\src\traditional\stdclib\vfprintf.c
                  __pa_40   0x000bfa    program     static C:\MCC18\src\traditional\stdclib\vfprintf.c
                  __pa_41   0x000c06    program     static C:\MCC18\src\traditional\stdclib\vfprintf.c
                  __pa_42   0x000c0e    program     static C:\MCC18\src\traditional\stdclib\vfprintf.c
                  __pa_43   0x000c18    program     static C:\MCC18\src\traditional\stdclib\vfprintf.c
                  __pa_44   0x000c1e    program     static C:\MCC18\src\traditional\stdclib\vfprintf.c
                  __pa_45   0x000c28    program     static C:\MCC18\src\traditional\stdclib\vfprintf.c
                  __pa_46   0x000c34    program     static C:\MCC18\src\traditional\stdclib\vfprintf.c
                 FLO1632U   0x000c3e    program     extern C:\MCC18\src\traditional\math\cast16FP.asm
                 FLO1632S   0x000c42    program     extern C:\MCC18\src\traditional\math\cast16FP.asm
                jI2F16Beg   0x000c52    program     static C:\MCC18\src\traditional\math\cast16FP.asm
                    FPS32   0x000c68    program     extern C:\MCC18\src\traditional\math\addFP.asm
                    FPA32   0x000c6a    program     extern C:\MCC18\src\traditional\math\addFP.asm
                jBANotInf   0x000c88    program     static C:\MCC18\src\traditional\math\addFP.asm
                 jANotInf   0x000c92    program     static C:\MCC18\src\traditional\math\addFP.asm
                 jBNotInf   0x000ca0    program     static C:\MCC18\src\traditional\math\addFP.asm
            jDifOrPosSign   0x000cb4    program     static C:\MCC18\src\traditional\math\addFP.asm
             jNotBothZero   0x000cb8    program     static C:\MCC18\src\traditional\math\addFP.asm
                 jAltBexp   0x000ce4    program     static C:\MCC18\src\traditional\math\addFP.asm
              jAandWsetup   0x000cf6    program     static C:\MCC18\src\traditional\math\addFP.asm
                 jANotNeg   0x000d26    program     static C:\MCC18\src\traditional\math\addFP.asm
                 jWNotNeg   0x000d3a    program     static C:\MCC18\src\traditional\math\addFP.asm
               jShiftLoop   0x000d40    program     static C:\MCC18\src\traditional\math\addFP.asm
               jShiftDone   0x000d4e    program     static C:\MCC18\src\traditional\math\addFP.asm
                jSignDone   0x000d7e    program     static C:\MCC18\src\traditional\math\addFP.asm
               jFinalSign   0x000d8e    program     static C:\MCC18\src\traditional\math\addFP.asm
                    FPD32   0x000d96    program     extern C:\MCC18\src\traditional\math\divFP.asm
                 jANotInf   0x000db4    program     static C:\MCC18\src\traditional\math\divFP.asm
              jSignedZero   0x000dbe    program     static C:\MCC18\src\traditional\math\divFP.asm
                jANotZero   0x000dc8    program     static C:\MCC18\src\traditional\math\divFP.asm
                    jLoop   0x000df0    program     static C:\MCC18\src\traditional\math\divFP.asm
                jNoAdjust   0x000e14    program     static C:\MCC18\src\traditional\math\divFP.asm
                    jNext   0x000e16    program     static C:\MCC18\src\traditional\math\divFP.asm
                    FPM32   0x000e3c    program     extern C:\MCC18\src\traditional\math\mulFP.asm
                 jANotInf   0x000e5a    program     static C:\MCC18\src\traditional\math\mulFP.asm
              jBothFinite   0x000e68    program     static C:\MCC18\src\traditional\math\mulFP.asm
                jHaveZero   0x000e70    program     static C:\MCC18\src\traditional\math\mulFP.asm
             jBothNotZero   0x000e74    program     static C:\MCC18\src\traditional\math\mulFP.asm
                  INT3216   0x000f16    program     extern C:\MCC18\src\traditional\math\castFP16.asm
                     jMax   0x000f26    program     static C:\MCC18\src\traditional\math\castFP16.asm
                  jMaxPos   0x000f2a    program     static C:\MCC18\src\traditional\math\castFP16.asm
                  jMaxNeg   0x000f34    program     static C:\MCC18\src\traditional\math\castFP16.asm
                    jZero   0x000f3c    program     static C:\MCC18\src\traditional\math\castFP16.asm
                  jNotInf   0x000f42    program     static C:\MCC18\src\traditional\math\castFP16.asm
                    jLoop   0x000f52    program     static C:\MCC18\src\traditional\math\castFP16.asm
                jLoopExit   0x000f62    program     static C:\MCC18\src\traditional\math\castFP16.asm
                    jExit   0x000f72    program     static C:\MCC18\src\traditional\math\castFP16.asm
            __FpReturnNaN   0x000f74    program     extern C:\MCC18\src\traditional\math\packFP.asm
                 __FpExit   0x000f80    program     extern C:\MCC18\src\traditional\math\packFP.asm
        __FpReturnSignInf   0x000f82    program     extern C:\MCC18\src\traditional\math\packFP.asm
         __FpReturnNegInf   0x000f86    program     extern C:\MCC18\src\traditional\math\packFP.asm
         __FpReturnPosInf   0x000f8c    program     extern C:\MCC18\src\traditional\math\packFP.asm
           jReturnPosInf0   0x000f90    program     static C:\MCC18\src\traditional\math\packFP.asm
               jZero1and2   0x000f94    program     static C:\MCC18\src\traditional\math\packFP.asm
       __FpReturnSignZero   0x000f9a    program     extern C:\MCC18\src\traditional\math\packFP.asm
        __FpReturnNegZero   0x000f9e    program     extern C:\MCC18\src\traditional\math\packFP.asm
        __FpReturnPosZero   0x000fa6    program     extern C:\MCC18\src\traditional\math\packFP.asm
                 __FpPack   0x000fac    program     extern C:\MCC18\src\traditional\math\packFP.asm
                  jPkLoop   0x000fba    program     static C:\MCC18\src\traditional\math\packFP.asm
             jPkShiftDone   0x000fd6    program     static C:\MCC18\src\traditional\math\packFP.asm
               jPkRoundIt   0x000fec    program     static C:\MCC18\src\traditional\math\packFP.asm
             jPkRoundDone   0x001004    program     static C:\MCC18\src\traditional\math\packFP.asm
              __FpReturnW   0x001004    program     extern C:\MCC18\src\traditional\math\packFP.asm
              __FpUnPackA   0x001024    program     extern C:\MCC18\src\traditional\math\UnpackFP.asm
                  jUnpkA1   0x00102e    program     static C:\MCC18\src\traditional\math\UnpackFP.asm
                 jUnpkANZ   0x00103c    program     static C:\MCC18\src\traditional\math\UnpackFP.asm
                  jUnpkA2   0x001046    program     static C:\MCC18\src\traditional\math\UnpackFP.asm
                 jUnpkNaN   0x001050    program     static C:\MCC18\src\traditional\math\UnpackFP.asm
              __FpUnPackB   0x001054    program     extern C:\MCC18\src\traditional\math\UnpackFP.asm
                  jUnpkB1   0x00105e    program     static C:\MCC18\src\traditional\math\UnpackFP.asm
                 jUnpkBNZ   0x00106c    program     static C:\MCC18\src\traditional\math\UnpackFP.asm
                  jUnpkB2   0x001076    program     static C:\MCC18\src\traditional\math\UnpackFP.asm
                 FXM1616S   0x001080    program     extern C:\MCC18\src\traditional\math\fxm1616s.asm
               TSIGN1616A   0x0010cc    program     static C:\MCC18\src\traditional\math\fxm1616s.asm
                 high_isr   0x0010da    program     extern C:\Users\Usuario\Desktop\Juan\Microcontroladores\PARCIAL\Juan_Alisiardi_UCA_micro1_13_11_2020\Menu.c
                     main   0x001282    program     extern C:\Users\Usuario\Desktop\Juan\Microcontroladores\PARCIAL\Juan_Alisiardi_UCA_micro1_13_11_2020\Menu.c
                _do_cinit   0x0014b8    program     extern C:\MCC18\src\traditional\startup\c018i.c
                     test   0x0014d2    program     static                          
                copy_loop   0x00152a    program     static                          
            copy_one_byte   0x001530    program     static                          
             done_copying   0x00153e    program     static                          
                     done   0x001554    program     static                          
       ___return_lbl00002   0x001554    program     static                          
                   printf   0x001556    program     extern C:\MCC18\src\traditional\stdclib\printf.c
                OpenUSART   0x0015ee    program     extern C:\MCC18\src\pmc_common\USART\uopen.c
                     putc   0x001678    program     extern C:\MCC18\src\traditional\stdclib\putc.c
                  FXM3232   0x0016fc    program     extern C:\MCC18\src\traditional\math\fxm3232.c
       ___return_lbl00000   0x00176a    program     static                          
                   strlen   0x00176c    program     extern C:\MCC18\src\traditional\stdclib\strlen.asm
                    jLoop   0x00177c    program     static C:\MCC18\src\traditional\stdclib\strlen.asm
                     jEnd   0x001786    program     static C:\MCC18\src\traditional\stdclib\strlen.asm
                strlenpgm   0x001788    program     extern C:\MCC18\src\traditional\stdclib\slenpgm.asm
                    jLoop   0x0017a6    program     static C:\MCC18\src\traditional\stdclib\slenpgm.asm
                   _2jEnd   0x0017bc    program     static C:\MCC18\src\traditional\stdclib\slenpgm.asm
                     jEnd   0x0017be    program     static C:\MCC18\src\traditional\stdclib\slenpgm.asm
                 FXD3232U   0x0017d2    program     extern C:\MCC18\src\traditional\math\fxd3232u.c
                     loop   0x0017e0    program     static                          
                   _false   0x001814    program     static                          
       ___return_lbl00000   0x001818    program     static                          
               __string_0   0x00181a    program     static C:\Users\Usuario\Desktop\Juan\Microcontroladores\PARCIAL\Juan_Alisiardi_UCA_micro1_13_11_2020\Menu.c
              WriteTimer1   0x001854    program     extern C:\MCC18\src\pmc_common\Timers\t1write.c
              WriteTimer0   0x00188c    program     extern C:\MCC18\src\pmc_common\Timers\t0write.c
             Delay10KTCYx   0x0018c4    program     extern C:\MCC18\src\traditional\delays\d10ktcyx.asm
                    D10Kx   0x0018ce    program     static C:\MCC18\src\traditional\delays\d10ktcyx.asm
                   D10K_1   0x0018d0    program     static C:\MCC18\src\traditional\delays\d10ktcyx.asm
       _D10KTCYXCODE_0010   0x0018d4    program     static C:\MCC18\src\traditional\delays\d10ktcyx.asm
                    D10Kl   0x0018dc    program     static C:\MCC18\src\traditional\delays\d10ktcyx.asm
       _D10KTCYXCODE_001C   0x0018e0    program     static C:\MCC18\src\traditional\delays\d10ktcyx.asm
                  isdigit   0x0018f2    program     extern C:\MCC18\src\traditional\stdclib\isdigit.asm
                   jMatch   0x001912    program     static C:\MCC18\src\traditional\stdclib\isdigit.asm
                 jNoMatch   0x001914    program     static C:\MCC18\src\traditional\stdclib\isdigit.asm
                 _startup   0x001916    program     extern C:\MCC18\src\traditional\startup\c018i.c
                     loop   0x001926    program     static                          
       ___return_lbl00001   0x001930    program     static                          
              _usart_putc   0x001932    program     extern C:\MCC18\src\pmc_common\USART\_usartpc.asm
                     loop   0x001942    program     static C:\MCC18\src\pmc_common\USART\_usartpc.asm
                 s_digits   0x00194e    program     static C:\MCC18\src\traditional\stdclib\vfprintf.c
            __zero_memory   0x001960    program     extern C:\MCC18\src\traditional\proc\p18F4620.asm
               clear_loop   0x001966    program     static C:\MCC18\src\traditional\proc\p18F4620.asm
                   __init   0x00196e    program     extern C:\MCC18\src\traditional\stdclib\__init.c
               __config_0   0x300001    program     static C:\Users\Usuario\Desktop\Juan\Microcontroladores\PARCIAL\Juan_Alisiardi_UCA_micro1_13_11_2020\Menu.c
               __config_1   0x300002    program     static C:\Users\Usuario\Desktop\Juan\Microcontroladores\PARCIAL\Juan_Alisiardi_UCA_micro1_13_11_2020\Menu.c
               __config_2   0x300003    program     static C:\Users\Usuario\Desktop\Juan\Microcontroladores\PARCIAL\Juan_Alisiardi_UCA_micro1_13_11_2020\Menu.c
               __config_3   0x300005    program     static C:\Users\Usuario\Desktop\Juan\Microcontroladores\PARCIAL\Juan_Alisiardi_UCA_micro1_13_11_2020\Menu.c
                 __AARGB7   0x000000       data     extern C:\MCC18\src\traditional\math\aarg.asm
                  __REMB3   0x000000       data     extern C:\MCC18\src\traditional\math\aarg.asm
                 __AARGB6   0x000001       data     extern C:\MCC18\src\traditional\math\aarg.asm
                  __REMB2   0x000001       data     extern C:\MCC18\src\traditional\math\aarg.asm
                 __AARGB5   0x000002       data     extern C:\MCC18\src\traditional\math\aarg.asm
                  __REMB1   0x000002       data     extern C:\MCC18\src\traditional\math\aarg.asm
                 __AARGB4   0x000003       data     extern C:\MCC18\src\traditional\math\aarg.asm
                  __REMB0   0x000003       data     extern C:\MCC18\src\traditional\math\aarg.asm
                 __AARGB3   0x000004       data     extern C:\MCC18\src\traditional\math\aarg.asm
                 __AARGB2   0x000005       data     extern C:\MCC18\src\traditional\math\aarg.asm
                 __AARGB1   0x000006       data     extern C:\MCC18\src\traditional\math\aarg.asm
                 __AARGB0   0x000007       data     extern C:\MCC18\src\traditional\math\aarg.asm
                   __AEXP   0x000008       data     extern C:\MCC18\src\traditional\math\aarg.asm
                 __BARGB3   0x000009       data     extern C:\MCC18\src\traditional\math\barg.asm
                 __BARGB2   0x00000a       data     extern C:\MCC18\src\traditional\math\barg.asm
                 __BARGB1   0x00000b       data     extern C:\MCC18\src\traditional\math\barg.asm
                 __BARGB0   0x00000c       data     extern C:\MCC18\src\traditional\math\barg.asm
                   __BEXP   0x00000d       data     extern C:\MCC18\src\traditional\math\barg.asm
                     SIGN   0x00000e       data     extern C:\MCC18\src\traditional\math\cmath18.asm
            __FPFLAGSbits   0x00000f       data     extern C:\MCC18\src\traditional\math\cmath18.asm
                __FPFLAGS   0x00000f       data     extern C:\MCC18\src\traditional\math\cmath18.asm
                 __TEMPB3   0x000010       data     extern C:\MCC18\src\traditional\math\temparg.asm
                 __TEMPB2   0x000011       data     extern C:\MCC18\src\traditional\math\temparg.asm
                 __TEMPB1   0x000012       data     extern C:\MCC18\src\traditional\math\temparg.asm
                 __TEMPB0   0x000013       data     extern C:\MCC18\src\traditional\math\temparg.asm
                   __TEMP   0x000013       data     extern C:\MCC18\src\traditional\math\temparg.asm
                  __tmp_0   0x000014       data     static C:\MCC18\src\traditional\stdclib\printf.c
                  __tmp_0   0x000014       data     static C:\MCC18\src\traditional\stdclib\vfprintf.c
                  __tmp_0   0x000014       data     static C:\MCC18\src\traditional\stdclib\putc.c
                  __tmp_0   0x000014       data     static C:\MCC18\src\pmc_common\USART\uopen.c
                  __tmp_0   0x000014       data     static C:\Users\Usuario\Desktop\Juan\Microcontroladores\PARCIAL\Juan_Alisiardi_UCA_micro1_13_11_2020\Menu.c
                  __tmp_1   0x000020       data     static C:\Users\Usuario\Desktop\Juan\Microcontroladores\PARCIAL\Juan_Alisiardi_UCA_micro1_13_11_2020\Menu.c
            DelayCounter2   0x000028       data     extern C:\MCC18\src\traditional\delays\delayd2.asm
            DelayCounter1   0x000029       data     extern C:\MCC18\src\traditional\delays\delayd1.asm
                     pote   0x000080       data     extern C:\Users\Usuario\Desktop\Juan\Microcontroladores\PARCIAL\Juan_Alisiardi_UCA_micro1_13_11_2020\Menu.c
                    poteh   0x000082       data     extern C:\Users\Usuario\Desktop\Juan\Microcontroladores\PARCIAL\Juan_Alisiardi_UCA_micro1_13_11_2020\Menu.c
                   angulo   0x000084       data     extern C:\Users\Usuario\Desktop\Juan\Microcontroladores\PARCIAL\Juan_Alisiardi_UCA_micro1_13_11_2020\Menu.c
               porcentaje   0x000088       data     extern C:\Users\Usuario\Desktop\Juan\Microcontroladores\PARCIAL\Juan_Alisiardi_UCA_micro1_13_11_2020\Menu.c
                   tiempo   0x00008c       data     extern C:\Users\Usuario\Desktop\Juan\Microcontroladores\PARCIAL\Juan_Alisiardi_UCA_micro1_13_11_2020\Menu.c
                     prom   0x00008e       data     static C:\MCC18\src\traditional\startup\c018i.c
                curr_byte   0x000091       data     static C:\MCC18\src\traditional\startup\c018i.c
               curr_entry   0x000093       data     static C:\MCC18\src\traditional\startup\c018i.c
                 data_ptr   0x000095       data     static C:\MCC18\src\traditional\startup\c018i.c
                   stdout   0x000098       data     extern C:\MCC18\src\traditional\stdclib\stdout.c
                PORTAbits   0x000f80       data     extern C:\MCC18\src\traditional\proc\p18F4620.asm
                    PORTA   0x000f80       data     extern C:\MCC18\src\traditional\proc\p18F4620.asm
                PORTBbits   0x000f81       data     extern C:\MCC18\src\traditional\proc\p18F4620.asm
                    PORTB   0x000f81       data     extern C:\MCC18\src\traditional\proc\p18F4620.asm
                PORTCbits   0x000f82       data     extern C:\MCC18\src\traditional\proc\p18F4620.asm
                    PORTC   0x000f82       data     extern C:\MCC18\src\traditional\proc\p18F4620.asm
                PORTDbits   0x000f83       data     extern C:\MCC18\src\traditional\proc\p18F4620.asm
                    PORTD   0x000f83       data     extern C:\MCC18\src\traditional\proc\p18F4620.asm
                PORTEbits   0x000f84       data     extern C:\MCC18\src\traditional\proc\p18F4620.asm
                    PORTE   0x000f84       data     extern C:\MCC18\src\traditional\proc\p18F4620.asm
                     LATA   0x000f89       data     extern C:\MCC18\src\traditional\proc\p18F4620.asm
                 LATAbits   0x000f89       data     extern C:\MCC18\src\traditional\proc\p18F4620.asm
                 LATBbits   0x000f8a       data     extern C:\MCC18\src\traditional\proc\p18F4620.asm
                     LATB   0x000f8a       data     extern C:\MCC18\src\traditional\proc\p18F4620.asm
                 LATCbits   0x000f8b       data     extern C:\MCC18\src\traditional\proc\p18F4620.asm
                     LATC   0x000f8b       data     extern C:\MCC18\src\traditional\proc\p18F4620.asm
                 LATDbits   0x000f8c       data     extern C:\MCC18\src\traditional\proc\p18F4620.asm
                     LATD   0x000f8c       data     extern C:\MCC18\src\traditional\proc\p18F4620.asm
                 LATEbits   0x000f8d       data     extern C:\MCC18\src\traditional\proc\p18F4620.asm
                     LATE   0x000f8d       data     extern C:\MCC18\src\traditional\proc\p18F4620.asm
                    TRISA   0x000f92       data     extern C:\MCC18\src\traditional\proc\p18F4620.asm
                TRISAbits   0x000f92       data     extern C:\MCC18\src\traditional\proc\p18F4620.asm
                     DDRA   0x000f92       data     extern C:\MCC18\src\traditional\proc\p18F4620.asm
                 DDRAbits   0x000f92       data     extern C:\MCC18\src\traditional\proc\p18F4620.asm
                    TRISB   0x000f93       data     extern C:\MCC18\src\traditional\proc\p18F4620.asm
                TRISBbits   0x000f93       data     extern C:\MCC18\src\traditional\proc\p18F4620.asm
                 DDRBbits   0x000f93       data     extern C:\MCC18\src\traditional\proc\p18F4620.asm
                     DDRB   0x000f93       data     extern C:\MCC18\src\traditional\proc\p18F4620.asm
                    TRISC   0x000f94       data     extern C:\MCC18\src\traditional\proc\p18F4620.asm
                TRISCbits   0x000f94       data     extern C:\MCC18\src\traditional\proc\p18F4620.asm
                 DDRCbits   0x000f94       data     extern C:\MCC18\src\traditional\proc\p18F4620.asm
                     DDRC   0x000f94       data     extern C:\MCC18\src\traditional\proc\p18F4620.asm
                 DDRDbits   0x000f95       data     extern C:\MCC18\src\traditional\proc\p18F4620.asm
                    TRISD   0x000f95       data     extern C:\MCC18\src\traditional\proc\p18F4620.asm
                TRISDbits   0x000f95       data     extern C:\MCC18\src\traditional\proc\p18F4620.asm
                     DDRD   0x000f95       data     extern C:\MCC18\src\traditional\proc\p18F4620.asm
                    TRISE   0x000f96       data     extern C:\MCC18\src\traditional\proc\p18F4620.asm
                TRISEbits   0x000f96       data     extern C:\MCC18\src\traditional\proc\p18F4620.asm
                     DDRE   0x000f96       data     extern C:\MCC18\src\traditional\proc\p18F4620.asm
                 DDREbits   0x000f96       data     extern C:\MCC18\src\traditional\proc\p18F4620.asm
              OSCTUNEbits   0x000f9b       data     extern C:\MCC18\src\traditional\proc\p18F4620.asm
                  OSCTUNE   0x000f9b       data     extern C:\MCC18\src\traditional\proc\p18F4620.asm
                     PIE1   0x000f9d       data     extern C:\MCC18\src\traditional\proc\p18F4620.asm
                 PIE1bits   0x000f9d       data     extern C:\MCC18\src\traditional\proc\p18F4620.asm
                     PIR1   0x000f9e       data     extern C:\MCC18\src\traditional\proc\p18F4620.asm
                 PIR1bits   0x000f9e       data     extern C:\MCC18\src\traditional\proc\p18F4620.asm
                 IPR1bits   0x000f9f       data     extern C:\MCC18\src\traditional\proc\p18F4620.asm
                     IPR1   0x000f9f       data     extern C:\MCC18\src\traditional\proc\p18F4620.asm
                 PIE2bits   0x000fa0       data     extern C:\MCC18\src\traditional\proc\p18F4620.asm
                     PIE2   0x000fa0       data     extern C:\MCC18\src\traditional\proc\p18F4620.asm
                     PIR2   0x000fa1       data     extern C:\MCC18\src\traditional\proc\p18F4620.asm
                 PIR2bits   0x000fa1       data     extern C:\MCC18\src\traditional\proc\p18F4620.asm
                 IPR2bits   0x000fa2       data     extern C:\MCC18\src\traditional\proc\p18F4620.asm
                     IPR2   0x000fa2       data     extern C:\MCC18\src\traditional\proc\p18F4620.asm
               EECON1bits   0x000fa6       data     extern C:\MCC18\src\traditional\proc\p18F4620.asm
                   EECON1   0x000fa6       data     extern C:\MCC18\src\traditional\proc\p18F4620.asm
                   EECON2   0x000fa7       data     extern C:\MCC18\src\traditional\proc\p18F4620.asm
                   EEDATA   0x000fa8       data     extern C:\MCC18\src\traditional\proc\p18F4620.asm
                    EEADR   0x000fa9       data     extern C:\MCC18\src\traditional\proc\p18F4620.asm
                   EEADRH   0x000faa       data     extern C:\MCC18\src\traditional\proc\p18F4620.asm
                RCSTAbits   0x000fab       data     extern C:\MCC18\src\traditional\proc\p18F4620.asm
                    RCSTA   0x000fab       data     extern C:\MCC18\src\traditional\proc\p18F4620.asm
                    TXSTA   0x000fac       data     extern C:\MCC18\src\traditional\proc\p18F4620.asm
                TXSTAbits   0x000fac       data     extern C:\MCC18\src\traditional\proc\p18F4620.asm
                    TXREG   0x000fad       data     extern C:\MCC18\src\traditional\proc\p18F4620.asm
                    RCREG   0x000fae       data     extern C:\MCC18\src\traditional\proc\p18F4620.asm
                    SPBRG   0x000faf       data     extern C:\MCC18\src\traditional\proc\p18F4620.asm
                   SPBRGH   0x000fb0       data     extern C:\MCC18\src\traditional\proc\p18F4620.asm
                    T3CON   0x000fb1       data     extern C:\MCC18\src\traditional\proc\p18F4620.asm
                T3CONbits   0x000fb1       data     extern C:\MCC18\src\traditional\proc\p18F4620.asm
                    TMR3L   0x000fb2       data     extern C:\MCC18\src\traditional\proc\p18F4620.asm
                    TMR3H   0x000fb3       data     extern C:\MCC18\src\traditional\proc\p18F4620.asm
                CMCONbits   0x000fb4       data     extern C:\MCC18\src\traditional\proc\p18F4620.asm
                    CMCON   0x000fb4       data     extern C:\MCC18\src\traditional\proc\p18F4620.asm
                   CVRCON   0x000fb5       data     extern C:\MCC18\src\traditional\proc\p18F4620.asm
               CVRCONbits   0x000fb5       data     extern C:\MCC18\src\traditional\proc\p18F4620.asm
              ECCP1ASbits   0x000fb6       data     extern C:\MCC18\src\traditional\proc\p18F4620.asm
                  ECCP1AS   0x000fb6       data     extern C:\MCC18\src\traditional\proc\p18F4620.asm
              PWM1CONbits   0x000fb7       data     extern C:\MCC18\src\traditional\proc\p18F4620.asm
                  PWM1CON   0x000fb7       data     extern C:\MCC18\src\traditional\proc\p18F4620.asm
              BAUDCTLbits   0x000fb8       data     extern C:\MCC18\src\traditional\proc\p18F4620.asm
                  BAUDCTL   0x000fb8       data     extern C:\MCC18\src\traditional\proc\p18F4620.asm
              BAUDCONbits   0x000fb8       data     extern C:\MCC18\src\traditional\proc\p18F4620.asm
                  BAUDCON   0x000fb8       data     extern C:\MCC18\src\traditional\proc\p18F4620.asm
                  CCP2CON   0x000fba       data     extern C:\MCC18\src\traditional\proc\p18F4620.asm
              CCP2CONbits   0x000fba       data     extern C:\MCC18\src\traditional\proc\p18F4620.asm
                    CCPR2   0x000fbb       data     extern C:\MCC18\src\traditional\proc\p18F4620.asm
                   CCPR2L   0x000fbb       data     extern C:\MCC18\src\traditional\proc\p18F4620.asm
                   CCPR2H   0x000fbc       data     extern C:\MCC18\src\traditional\proc\p18F4620.asm
                  CCP1CON   0x000fbd       data     extern C:\MCC18\src\traditional\proc\p18F4620.asm
              CCP1CONbits   0x000fbd       data     extern C:\MCC18\src\traditional\proc\p18F4620.asm
                    CCPR1   0x000fbe       data     extern C:\MCC18\src\traditional\proc\p18F4620.asm
                   CCPR1L   0x000fbe       data     extern C:\MCC18\src\traditional\proc\p18F4620.asm
                   CCPR1H   0x000fbf       data     extern C:\MCC18\src\traditional\proc\p18F4620.asm
               ADCON2bits   0x000fc0       data     extern C:\MCC18\src\traditional\proc\p18F4620.asm
                   ADCON2   0x000fc0       data     extern C:\MCC18\src\traditional\proc\p18F4620.asm
               ADCON1bits   0x000fc1       data     extern C:\MCC18\src\traditional\proc\p18F4620.asm
                   ADCON1   0x000fc1       data     extern C:\MCC18\src\traditional\proc\p18F4620.asm
                   ADCON0   0x000fc2       data     extern C:\MCC18\src\traditional\proc\p18F4620.asm
               ADCON0bits   0x000fc2       data     extern C:\MCC18\src\traditional\proc\p18F4620.asm
                    ADRES   0x000fc3       data     extern C:\MCC18\src\traditional\proc\p18F4620.asm
                   ADRESL   0x000fc3       data     extern C:\MCC18\src\traditional\proc\p18F4620.asm
                   ADRESH   0x000fc4       data     extern C:\MCC18\src\traditional\proc\p18F4620.asm
                  SSPCON2   0x000fc5       data     extern C:\MCC18\src\traditional\proc\p18F4620.asm
              SSPCON2bits   0x000fc5       data     extern C:\MCC18\src\traditional\proc\p18F4620.asm
                  SSPCON1   0x000fc6       data     extern C:\MCC18\src\traditional\proc\p18F4620.asm
              SSPCON1bits   0x000fc6       data     extern C:\MCC18\src\traditional\proc\p18F4620.asm
              SSPSTATbits   0x000fc7       data     extern C:\MCC18\src\traditional\proc\p18F4620.asm
                  SSPSTAT   0x000fc7       data     extern C:\MCC18\src\traditional\proc\p18F4620.asm
                   SSPADD   0x000fc8       data     extern C:\MCC18\src\traditional\proc\p18F4620.asm
                   SSPBUF   0x000fc9       data     extern C:\MCC18\src\traditional\proc\p18F4620.asm
                T2CONbits   0x000fca       data     extern C:\MCC18\src\traditional\proc\p18F4620.asm
                    T2CON   0x000fca       data     extern C:\MCC18\src\traditional\proc\p18F4620.asm
                      PR2   0x000fcb       data     extern C:\MCC18\src\traditional\proc\p18F4620.asm
                     TMR2   0x000fcc       data     extern C:\MCC18\src\traditional\proc\p18F4620.asm
                T1CONbits   0x000fcd       data     extern C:\MCC18\src\traditional\proc\p18F4620.asm
                    T1CON   0x000fcd       data     extern C:\MCC18\src\traditional\proc\p18F4620.asm
                    TMR1L   0x000fce       data     extern C:\MCC18\src\traditional\proc\p18F4620.asm
                    TMR1H   0x000fcf       data     extern C:\MCC18\src\traditional\proc\p18F4620.asm
                 RCONbits   0x000fd0       data     extern C:\MCC18\src\traditional\proc\p18F4620.asm
                     RCON   0x000fd0       data     extern C:\MCC18\src\traditional\proc\p18F4620.asm
               WDTCONbits   0x000fd1       data     extern C:\MCC18\src\traditional\proc\p18F4620.asm
                   WDTCON   0x000fd1       data     extern C:\MCC18\src\traditional\proc\p18F4620.asm
                  HLVDCON   0x000fd2       data     extern C:\MCC18\src\traditional\proc\p18F4620.asm
              HLVDCONbits   0x000fd2       data     extern C:\MCC18\src\traditional\proc\p18F4620.asm
                   LVDCON   0x000fd2       data     extern C:\MCC18\src\traditional\proc\p18F4620.asm
               LVDCONbits   0x000fd2       data     extern C:\MCC18\src\traditional\proc\p18F4620.asm
                   OSCCON   0x000fd3       data     extern C:\MCC18\src\traditional\proc\p18F4620.asm
               OSCCONbits   0x000fd3       data     extern C:\MCC18\src\traditional\proc\p18F4620.asm
                    DEBUG   0x000fd4       data     extern C:\MCC18\src\traditional\proc\p18F4620.asm
                    T0CON   0x000fd5       data     extern C:\MCC18\src\traditional\proc\p18F4620.asm
                T0CONbits   0x000fd5       data     extern C:\MCC18\src\traditional\proc\p18F4620.asm
                    TMR0L   0x000fd6       data     extern C:\MCC18\src\traditional\proc\p18F4620.asm
                    TMR0H   0x000fd7       data     extern C:\MCC18\src\traditional\proc\p18F4620.asm
                   STATUS   0x000fd8       data     extern C:\MCC18\src\traditional\proc\p18F4620.asm
               STATUSbits   0x000fd8       data     extern C:\MCC18\src\traditional\proc\p18F4620.asm
                     FSR2   0x000fd9       data     extern C:\MCC18\src\traditional\proc\p18F4620.asm
                    FSR2L   0x000fd9       data     extern C:\MCC18\src\traditional\proc\p18F4620.asm
                    FSR2H   0x000fda       data     extern C:\MCC18\src\traditional\proc\p18F4620.asm
                   PLUSW2   0x000fdb       data     extern C:\MCC18\src\traditional\proc\p18F4620.asm
                  PREINC2   0x000fdc       data     extern C:\MCC18\src\traditional\proc\p18F4620.asm
                 POSTDEC2   0x000fdd       data     extern C:\MCC18\src\traditional\proc\p18F4620.asm
                 POSTINC2   0x000fde       data     extern C:\MCC18\src\traditional\proc\p18F4620.asm
                    INDF2   0x000fdf       data     extern C:\MCC18\src\traditional\proc\p18F4620.asm
                      BSR   0x000fe0       data     extern C:\MCC18\src\traditional\proc\p18F4620.asm
                     FSR1   0x000fe1       data     extern C:\MCC18\src\traditional\proc\p18F4620.asm
                    FSR1L   0x000fe1       data     extern C:\MCC18\src\traditional\proc\p18F4620.asm
                    FSR1H   0x000fe2       data     extern C:\MCC18\src\traditional\proc\p18F4620.asm
                   PLUSW1   0x000fe3       data     extern C:\MCC18\src\traditional\proc\p18F4620.asm
                  PREINC1   0x000fe4       data     extern C:\MCC18\src\traditional\proc\p18F4620.asm
                 POSTDEC1   0x000fe5       data     extern C:\MCC18\src\traditional\proc\p18F4620.asm
                 POSTINC1   0x000fe6       data     extern C:\MCC18\src\traditional\proc\p18F4620.asm
                    INDF1   0x000fe7       data     extern C:\MCC18\src\traditional\proc\p18F4620.asm
                        W   0x000fe8       data     extern C:\MCC18\src\traditional\proc\p18F4620.asm
                     WREG   0x000fe8       data     extern C:\MCC18\src\traditional\proc\p18F4620.asm
                    FSR0L   0x000fe9       data     extern C:\MCC18\src\traditional\proc\p18F4620.asm
                     FSR0   0x000fe9       data     extern C:\MCC18\src\traditional\proc\p18F4620.asm
                    FSR0H   0x000fea       data     extern C:\MCC18\src\traditional\proc\p18F4620.asm
                   PLUSW0   0x000feb       data     extern C:\MCC18\src\traditional\proc\p18F4620.asm
                  PREINC0   0x000fec       data     extern C:\MCC18\src\traditional\proc\p18F4620.asm
                 POSTDEC0   0x000fed       data     extern C:\MCC18\src\traditional\proc\p18F4620.asm
                 POSTINC0   0x000fee       data     extern C:\MCC18\src\traditional\proc\p18F4620.asm
                    INDF0   0x000fef       data     extern C:\MCC18\src\traditional\proc\p18F4620.asm
                  INTCON3   0x000ff0       data     extern C:\MCC18\src\traditional\proc\p18F4620.asm
              INTCON3bits   0x000ff0       data     extern C:\MCC18\src\traditional\proc\p18F4620.asm
              INTCON2bits   0x000ff1       data     extern C:\MCC18\src\traditional\proc\p18F4620.asm
                  INTCON2   0x000ff1       data     extern C:\MCC18\src\traditional\proc\p18F4620.asm
                   INTCON   0x000ff2       data     extern C:\MCC18\src\traditional\proc\p18F4620.asm
               INTCONbits   0x000ff2       data     extern C:\MCC18\src\traditional\proc\p18F4620.asm
                     PROD   0x000ff3       data     extern C:\MCC18\src\traditional\proc\p18F4620.asm
                    PRODL   0x000ff3       data     extern C:\MCC18\src\traditional\proc\p18F4620.asm
                    PRODH   0x000ff4       data     extern C:\MCC18\src\traditional\proc\p18F4620.asm
                   TABLAT   0x000ff5       data     extern C:\MCC18\src\traditional\proc\p18F4620.asm
                   TBLPTR   0x000ff6       data     extern C:\MCC18\src\traditional\proc\p18F4620.asm
                  TBLPTRL   0x000ff6       data     extern C:\MCC18\src\traditional\proc\p18F4620.asm
                  TBLPTRH   0x000ff7       data     extern C:\MCC18\src\traditional\proc\p18F4620.asm
                  TBLPTRU   0x000ff8       data     extern C:\MCC18\src\traditional\proc\p18F4620.asm
                       PC   0x000ff9       data     extern C:\MCC18\src\traditional\proc\p18F4620.asm
                      PCL   0x000ff9       data     extern C:\MCC18\src\traditional\proc\p18F4620.asm
                   PCLATH   0x000ffa       data     extern C:\MCC18\src\traditional\proc\p18F4620.asm
                   PCLATU   0x000ffb       data     extern C:\MCC18\src\traditional\proc\p18F4620.asm
                   STKPTR   0x000ffc       data     extern C:\MCC18\src\traditional\proc\p18F4620.asm
               STKPTRbits   0x000ffc       data     extern C:\MCC18\src\traditional\proc\p18F4620.asm
                      TOS   0x000ffd       data     extern C:\MCC18\src\traditional\proc\p18F4620.asm
                     TOSL   0x000ffd       data     extern C:\MCC18\src\traditional\proc\p18F4620.asm
                     TOSH   0x000ffe       data     extern C:\MCC18\src\traditional\proc\p18F4620.asm
                     TOSU   0x000fff       data     extern C:\MCC18\src\traditional\proc\p18F4620.asm


